exports[`test Home can be rendered 1`] = `
<div
  className="ui basic segment">
  <div
    className="ui text container">
    <h1
      className="ui inverted header">
      Home
    </h1>
    <div
      className="ui vertical text menu">
      <a
        className="item"
        onClick={[Function]}
        style={Object {}}>
        Counter
      </a>
      <a
        className="item"
        onClick={[Function]}
        style={Object {}}>
        Metronome
      </a>
      <a
        className="item"
        onClick={[Function]}
        style={Object {}}>
        Voting
      </a>
    </div>
  </div>
</div>
`;
